Single GPU mode — DDP disabled.
Task type  : regression
in_domains : ['s1', 's2', 'elevation', 'weather', 'cdl']
out_domains: ['yield']
✅ Yield normalization stats loaded from pretrain (IA): ['s1', 's2', 'elevation', 'soil', 'weather', 'cdl']
✅ YieldDataset loaded: 401 samples from /work/mech-ai-scratch/bgekim/project/ISA_Yield_Anirudha/ISA_Yield/conf_M5/conf_Backward_Selection/processed_data_bs20_rm_11_14_2_10_9/train_corn.txt
✅ YieldDataset loaded: 31 samples from /work/mech-ai-scratch/bgekim/project/ISA_Yield_Anirudha/ISA_Yield/conf_M5/conf_Backward_Selection/processed_data_bs20_rm_11_14_2_10_9/val_corn.txt
✅ YieldDataset loaded: 31 samples from /work/mech-ai-scratch/bgekim/project/ISA_Yield_Anirudha/ISA_Yield/conf_M5/conf_Backward_Selection/processed_data_bs20_rm_11_14_2_10_9/test_corn.txt
Train: 401 | Val: 31 | Test: 31
Train: 401 | Val: 31 | Test: 31
[load_pretrained_weights] Missing keys : 62
[load_pretrained_weights] Unexpected keys: 256
Loaded pretrained weights from /work/mech-ai-scratch/bgekim/project/MultiMAE_NEW/MultiMAE/output/pretrain/pretrain_best_epoch99.pth
[LR schedule] DISABLED (legacy) — fixed lr=5.00e-05
Training from scratch.
[LR] epoch 1 | lr=5.00e-05
[TRAIN] Epoch [0]  [ 0/25]  eta: 0:07:28  loss: 3.6987 (3.6987)  grad_norm: 49.0052 (49.0052)  train_yield_loss: 3.6987 (3.6987)  time: 17.9404  data: 11.3305  max mem: 30190
[TRAIN] Epoch [0]  [10/25]  eta: 0:00:27  loss: 1.2530 (1.6641)  grad_norm: 14.6316 (19.5815)  train_yield_loss: 1.2530 (1.6641)  time: 1.8508  data: 1.0301  max mem: 31388
[TRAIN] Epoch [0]  [20/25]  eta: 0:00:05  loss: 0.6071 (1.0500)  grad_norm: 7.2924 (12.7319)  train_yield_loss: 0.6071 (1.0500)  time: 0.2266  data: 0.0001  max mem: 31388
[TRAIN] Epoch [0]  [24/25]  eta: 0:00:00  loss: 0.3253 (0.9128)  grad_norm: 5.1193 (11.2617)  train_yield_loss: 0.3253 (0.9128)  time: 0.2159  data: 0.0001  max mem: 31388
[TRAIN] Epoch [0] Total time: 0:00:23 (0.9371 s / it)
[TRAIN] Epoch 0 averaged stats: loss: 0.3253 (0.9128)  grad_norm: 5.1193 (11.2617)  train_yield_loss: 0.3253 (0.9128)
[VAL] Epoch [0]  [0/2]  eta: 0:00:05  loss: 0.1420 (0.1420)  grad_norm: 0.0000 (0.0000)  val_yield_loss: 0.1420 (0.1420)  time: 2.8583  data: 2.5586  max mem: 31388
[VAL] Epoch [0]  [1/2]  eta: 0:00:01  loss: 0.1420 (0.1523)  grad_norm: 0.0000 (0.0000)  val_yield_loss: 0.1420 (0.1523)  time: 1.7976  data: 1.2794  max mem: 31388
[VAL] Epoch [0] Total time: 0:00:03 (1.8759 s / it)
[VAL] Epoch 0 averaged stats: loss: 0.1420 (0.1523)  grad_norm: 0.0000 (0.0000)  val_yield_loss: 0.1420 (0.1523)
Best model saved: /work/mech-ai-scratch/bgekim/project/MultiMAE_NEW/MultiMAE/output/finetune/yield_maskedloss_cdlfix/finetune_best_epoch1_valloss0.1523.pth (val_loss=0.1523)
[EarlyStopping] epoch 1 | val_loss=0.152339 | best=0.152339 (epoch 1) | no_improve=0/75
[LR] epoch 2 | lr=5.00e-05
[TRAIN] Epoch [1]  [ 0/25]  eta: 0:01:33  loss: 0.1670 (0.1670)  grad_norm: 2.9287 (2.9287)  train_yield_loss: 0.1670 (0.1670)  time: 3.7228  data: 3.0950  max mem: 31978
[TRAIN] Epoch [1]  [10/25]  eta: 0:00:09  loss: 0.1078 (0.1108)  grad_norm: 2.1793 (2.3384)  train_yield_loss: 0.1078 (0.1108)  time: 0.6323  data: 0.2962  max mem: 31984
[TRAIN] Epoch [1]  [20/25]  eta: 0:00:02  loss: 0.0749 (0.0849)  grad_norm: 2.0359 (2.0748)  train_yield_loss: 0.0749 (0.0849)  time: 0.2670  data: 0.0082  max mem: 31985
[TRAIN] Epoch [1]  [24/25]  eta: 0:00:00  loss: 0.0537 (0.0781)  grad_norm: 1.7695 (1.9863)  train_yield_loss: 0.0537 (0.0781)  time: 0.2381  data: 0.0001  max mem: 31985
[TRAIN] Epoch [1] Total time: 0:00:09 (0.3995 s / it)
[TRAIN] Epoch 1 averaged stats: loss: 0.0537 (0.0781)  grad_norm: 1.7695 (1.9863)  train_yield_loss: 0.0537 (0.0781)
[VAL] Epoch [1]  [0/2]  eta: 0:00:03  loss: 0.0367 (0.0367)  grad_norm: 0.0000 (0.0000)  val_yield_loss: 0.0367 (0.0367)  time: 1.8902  data: 1.5904  max mem: 31985
[VAL] Epoch [1]  [1/2]  eta: 0:00:00  loss: 0.0367 (0.0415)  grad_norm: 0.0000 (0.0000)  val_yield_loss: 0.0367 (0.0415)  time: 0.9930  data: 0.7953  max mem: 31985
[VAL] Epoch [1] Total time: 0:00:02 (1.0130 s / it)
[VAL] Epoch 1 averaged stats: loss: 0.0367 (0.0415)  grad_norm: 0.0000 (0.0000)  val_yield_loss: 0.0367 (0.0415)
Best model saved: /work/mech-ai-scratch/bgekim/project/MultiMAE_NEW/MultiMAE/output/finetune/yield_maskedloss_cdlfix/finetune_best_epoch2_valloss0.0415.pth (val_loss=0.0415)
[1;34mwandb[0m: 
[1;34mwandb[0m: 🚀 View run [33mfinetune-yield-corn-masked-cdlfix[0m at: [34mhttps://wandb.ai/goeulkim/MultiMAE-finetune/runs/mh6rp36s[0m
[1;34mwandb[0m: Find logs at: [1;35mwandb/run-20260911_215821-mh6rp36s/logs[0m
