Single GPU mode — DDP disabled.
  [IA] dataset size: 834218
  [IL] dataset size: 780209
  Combined dataset size: 1614427
Dataset size: 1614427 | Train: 1130098 | Val: 242164 | Test: 242165
▶ Training from scratch.
[Epoch 0 | Step 0] Grad norm: 1.00 | AMP scale: 256.0
[TRAIN] Epoch [0]  [    0/17657]  eta: 23 days, 12:43:24  loss: 12.6709 (12.6709)  grad_norm: 1.0000 (1.0000)  train_s1_loss: 3.6574 (3.6574)  train_s2_loss: 1.3410 (1.3410)  train_elevation_loss: 4.3645 (4.3645)  train_weather_loss: 1.7999 (1.7999)  train_soil_loss: 1.5080 (1.5080)  time: 115.1387  data: 112.6654  max mem: 81644
[TRAIN] Epoch [0]  [   10/17657]  eta: 2 days, 5:50:55  loss: 6.3040 (7.6236)  grad_norm: 1.0000 (1.0000)  train_s1_loss: 1.4602 (2.0624)  train_s2_loss: 1.0566 (1.1348)  train_elevation_loss: 1.3601 (2.0414)  train_weather_loss: 1.1511 (1.2431)  train_soil_loss: 1.0584 (1.1420)  time: 10.9852  data: 10.2425  max mem: 82910
[TRAIN] Epoch [0]  [   20/17657]  eta: 1 day, 5:27:54  loss: 4.3451 (5.9034)  grad_norm: 1.0000 (1.0000)  train_s1_loss: 0.9054 (1.4914)  train_s2_loss: 0.9042 (1.0121)  train_elevation_loss: 0.7224 (1.3383)  train_weather_loss: 0.8785 (1.0457)  train_soil_loss: 0.9311 (1.0159)  time: 0.5581  data: 0.0002  max mem: 82910
[TRAIN] Epoch [0]  [   30/17657]  eta: 20:48:36  loss: 3.7179 (5.1287)  grad_norm: 1.0000 (1.0000)  train_s1_loss: 0.8352 (1.2754)  train_s2_loss: 0.8198 (0.9463)  train_elevation_loss: 0.4562 (1.0240)  train_weather_loss: 0.7114 (0.9238)  train_soil_loss: 0.8528 (0.9592)  time: 0.5458  data: 0.0002  max mem: 82910
[TRAIN] Epoch [0]  [   40/17657]  eta: 16:22:33  loss: 3.2514 (4.6136)  grad_norm: 1.0000 (1.0000)  train_s1_loss: 0.7903 (1.1483)  train_s2_loss: 0.7087 (0.8816)  train_elevation_loss: 0.2537 (0.8226)  train_weather_loss: 0.6139 (0.8420)  train_soil_loss: 0.8241 (0.9191)  time: 0.5451  data: 0.0002  max mem: 82910
[Epoch 0 | Step 50] Grad norm: 1.00 | AMP scale: 256.0
[TRAIN] Epoch [0]  [   50/17657]  eta: 13:40:53  loss: 2.6650 (4.2202)  grad_norm: 1.0000 (1.0000)  train_s1_loss: 0.7065 (1.0592)  train_s2_loss: 0.6302 (0.8270)  train_elevation_loss: 0.1409 (0.6864)  train_weather_loss: 0.4713 (0.7624)  train_soil_loss: 0.7631 (0.8852)  time: 0.5456  data: 0.0002  max mem: 82910
[TRAIN] Epoch [0]  [   60/17657]  eta: 11:52:09  loss: 2.5063 (3.9167)  grad_norm: 1.0000 (1.0000)  train_s1_loss: 0.6747 (0.9915)  train_s2_loss: 0.5778 (0.7806)  train_elevation_loss: 0.1248 (0.5949)  train_weather_loss: 0.3848 (0.6933)  train_soil_loss: 0.7196 (0.8564)  time: 0.5459  data: 0.0002  max mem: 82910
[TRAIN] Epoch [0]  [   70/17657]  eta: 10:33:58  loss: 2.2646 (3.6751)  grad_norm: 1.0000 (1.0000)  train_s1_loss: 0.6427 (0.9429)  train_s2_loss: 0.5303 (0.7446)  train_elevation_loss: 0.1116 (0.5261)  train_weather_loss: 0.3008 (0.6332)  train_soil_loss: 0.6799 (0.8284)  time: 0.5449  data: 0.0002  max mem: 82910
[TRAIN] Epoch [0]  [   80/17657]  eta: 12:17:03  loss: 2.1498 (3.4783)  grad_norm: 1.0000 (1.0000)  train_s1_loss: 0.6266 (0.9014)  train_s2_loss: 0.5190 (0.7171)  train_elevation_loss: 0.1037 (0.4737)  train_weather_loss: 0.2391 (0.5825)  train_soil_loss: 0.6421 (0.8036)  time: 2.7836  data: 2.2345  max mem: 82910
[TRAIN] Epoch [0]  [   90/17657]  eta: 11:13:17  loss: 1.9993 (3.3169)  grad_norm: 1.0000 (1.0000)  train_s1_loss: 0.5800 (0.8689)  train_s2_loss: 0.4796 (0.6920)  train_elevation_loss: 0.1026 (0.4326)  train_weather_loss: 0.1905 (0.5377)  train_soil_loss: 0.6491 (0.7857)  time: 2.7850  data: 2.2345  max mem: 82910
[Epoch 0 | Step 100] Grad norm: 1.00 | AMP scale: 256.0
[TRAIN] Epoch [0]  [  100/17657]  eta: 10:22:11  loss: 1.9536 (3.1739)  grad_norm: 1.0000 (1.0000)  train_s1_loss: 0.5974 (0.8426)  train_s2_loss: 0.4669 (0.6691)  train_elevation_loss: 0.0971 (0.3991)  train_weather_loss: 0.1518 (0.4971)  train_soil_loss: 0.6240 (0.7660)  time: 0.5483  data: 0.0002  max mem: 82910
[TRAIN] Epoch [0]  [  110/17657]  eta: 9:40:16  loss: 1.7944 (3.0468)  grad_norm: 1.0000 (1.0000)  train_s1_loss: 0.5942 (0.8215)  train_s2_loss: 0.4351 (0.6467)  train_elevation_loss: 0.0904 (0.3707)  train_weather_loss: 0.1111 (0.4618)  train_soil_loss: 0.5594 (0.7462)  time: 0.5491  data: 0.0002  max mem: 82910
[TRAIN] Epoch [0]  [  120/17657]  eta: 9:05:14  loss: 1.7347 (2.9366)  grad_norm: 1.0000 (1.0000)  train_s1_loss: 0.5942 (0.8031)  train_s2_loss: 0.4008 (0.6254)  train_elevation_loss: 0.0917 (0.3482)  train_weather_loss: 0.0804 (0.4305)  train_soil_loss: 0.5318 (0.7294)  time: 0.5480  data: 0.0002  max mem: 82910
[TRAIN] Epoch [0]  [  130/17657]  eta: 8:35:32  loss: 1.6158 (2.8325)  grad_norm: 1.0000 (1.0000)  train_s1_loss: 0.5608 (0.7839)  train_s2_loss: 0.3714 (0.6054)  train_elevation_loss: 0.0924 (0.3282)  train_weather_loss: 0.0706 (0.4040)  train_soil_loss: 0.5142 (0.7109)  time: 0.5474  data: 0.0002  max mem: 82910
[TRAIN] Epoch [0]  [  140/17657]  eta: 8:10:04  loss: 1.5839 (2.7463)  grad_norm: 1.0000 (1.0000)  train_s1_loss: 0.5537 (0.7674)  train_s2_loss: 0.3576 (0.5894)  train_elevation_loss: 0.0914 (0.3122)  train_weather_loss: 0.0832 (0.3820)  train_soil_loss: 0.4905 (0.6954)  time: 0.5485  data: 0.0002  max mem: 82910
[Epoch 0 | Step 150] Grad norm: 1.00 | AMP scale: 256.0
[TRAIN] Epoch [0]  [  150/17657]  eta: 9:29:08  loss: 1.5714 (2.6645)  grad_norm: 1.0000 (1.0000)  train_s1_loss: 0.5239 (0.7509)  train_s2_loss: 0.3341 (0.5724)  train_elevation_loss: 0.0894 (0.2975)  train_weather_loss: 0.0897 (0.3626)  train_soil_loss: 0.4905 (0.6810)  time: 3.1671  data: 2.6124  max mem: 82910
[TRAIN] Epoch [0]  [  160/17657]  eta: 9:03:22  loss: 1.4709 (2.5917)  grad_norm: 1.0000 (1.0000)  train_s1_loss: 0.5057 (0.7364)  train_s2_loss: 0.3226 (0.5568)  train_elevation_loss: 0.0893 (0.2851)  train_weather_loss: 0.0643 (0.3439)  train_soil_loss: 0.4899 (0.6696)  time: 3.1654  data: 2.6124  max mem: 82910
[TRAIN] Epoch [0]  [  170/17657]  eta: 8:40:35  loss: 1.4579 (2.5257)  grad_norm: 1.0000 (1.0000)  train_s1_loss: 0.4896 (0.7220)  train_s2_loss: 0.3209 (0.5432)  train_elevation_loss: 0.0880 (0.2742)  train_weather_loss: 0.0573 (0.3274)  train_soil_loss: 0.4997 (0.6590)  time: 0.5455  data: 0.0002  max mem: 82910
[TRAIN] Epoch [0]  [  180/17657]  eta: 8:20:19  loss: 1.4491 (2.4661)  grad_norm: 1.0000 (1.0000)  train_s1_loss: 0.4861 (0.7087)  train_s2_loss: 0.3185 (0.5315)  train_elevation_loss: 0.0787 (0.2634)  train_weather_loss: 0.0588 (0.3126)  train_soil_loss: 0.4826 (0.6498)  time: 0.5447  data: 0.0002  max mem: 82910
[TRAIN] Epoch [0]  [  190/17657]  eta: 8:02:11  loss: 1.4570 (2.4119)  grad_norm: 1.0000 (1.0000)  train_s1_loss: 0.4918 (0.6972)  train_s2_loss: 0.3144 (0.5199)  train_elevation_loss: 0.0756 (0.2542)  train_weather_loss: 0.0570 (0.2994)  train_soil_loss: 0.4803 (0.6411)  time: 0.5459  data: 0.0002  max mem: 82910
[Epoch 0 | Step 200] Grad norm: 1.00 | AMP scale: 256.0
[TRAIN] Epoch [0]  [  200/17657]  eta: 7:45:49  loss: 1.3996 (2.3586)  grad_norm: 1.0000 (1.0000)  train_s1_loss: 0.4678 (0.6851)  train_s2_loss: 0.3039 (0.5088)  train_elevation_loss: 0.0774 (0.2457)  train_weather_loss: 0.0493 (0.2874)  train_soil_loss: 0.4721 (0.6315)  time: 0.5460  data: 0.0002  max mem: 82910
[TRAIN] Epoch [0]  [  210/17657]  eta: 7:31:00  loss: 1.3182 (2.3088)  grad_norm: 1.0000 (1.0000)  train_s1_loss: 0.4405 (0.6740)  train_s2_loss: 0.3028 (0.4991)  train_elevation_loss: 0.0773 (0.2379)  train_weather_loss: 0.0470 (0.2758)  train_soil_loss: 0.4368 (0.6221)  time: 0.5451  data: 0.0002  max mem: 82910
[TRAIN] Epoch [0]  [  220/17657]  eta: 8:26:07  loss: 1.2815 (2.2630)  grad_norm: 1.0000 (1.0000)  train_s1_loss: 0.4449 (0.6644)  train_s2_loss: 0.2973 (0.4898)  train_elevation_loss: 0.0749 (0.2303)  train_weather_loss: 0.0384 (0.2652)  train_soil_loss: 0.4292 (0.6134)  time: 3.1533  data: 2.5909  max mem: 82910
[TRAIN] Epoch [0]  [  230/17657]  eta: 8:10:47  loss: 1.2764 (2.2219)  grad_norm: 1.0000 (1.0000)  train_s1_loss: 0.4465 (0.6551)  train_s2_loss: 0.2959 (0.4819)  train_elevation_loss: 0.0719 (0.2238)  train_weather_loss: 0.0379 (0.2554)  train_soil_loss: 0.4299 (0.6057)  time: 3.1537  data: 2.5909  max mem: 82910
[TRAIN] Epoch [0]  [  240/17657]  eta: 7:56:43  loss: 1.3117 (2.1842)  grad_norm: 1.0000 (1.0000)  train_s1_loss: 0.4467 (0.6467)  train_s2_loss: 0.2980 (0.4748)  train_elevation_loss: 0.0803 (0.2178)  train_weather_loss: 0.0374 (0.2465)  train_soil_loss: 0.4281 (0.5984)  time: 0.5453  data: 0.0002  max mem: 82910
[Epoch 0 | Step 250] Grad norm: 1.00 | AMP scale: 256.0
[TRAIN] Epoch [0]  [  250/17657]  eta: 7:43:45  loss: 1.3238 (2.1509)  grad_norm: 1.0000 (1.0000)  train_s1_loss: 0.4613 (0.6397)  train_s2_loss: 0.3034 (0.4686)  train_elevation_loss: 0.0807 (0.2127)  train_weather_loss: 0.0329 (0.2380)  train_soil_loss: 0.4327 (0.5921)  time: 0.5449  data: 0.0002  max mem: 82910
[TRAIN] Epoch [0]  [  260/17657]  eta: 7:31:47  loss: 1.2984 (2.1161)  grad_norm: 1.0000 (1.0000)  train_s1_loss: 0.4394 (0.6317)  train_s2_loss: 0.3044 (0.4620)  train_elevation_loss: 0.0807 (0.2075)  train_weather_loss: 0.0277 (0.2298)  train_soil_loss: 0.4316 (0.5850)  time: 0.5447  data: 0.0002  max mem: 82910
[TRAIN] Epoch [0]  [  270/17657]  eta: 7:20:41  loss: 1.2361 (2.0850)  grad_norm: 1.0000 (1.0000)  train_s1_loss: 0.4472 (0.6253)  train_s2_loss: 0.2983 (0.4563)  train_elevation_loss: 0.0682 (0.2023)  train_weather_loss: 0.0230 (0.2222)  train_soil_loss: 0.4065 (0.5790)  time: 0.5448  data: 0.0002  max mem: 82910
[TRAIN] Epoch [0]  [  280/17657]  eta: 7:10:23  loss: 1.2872 (2.0572)  grad_norm: 1.0000 (1.0000)  train_s1_loss: 0.4531 (0.6194)  train_s2_loss: 0.2942 (0.4505)  train_elevation_loss: 0.0735 (0.1984)  train_weather_loss: 0.0198 (0.2151)  train_soil_loss: 0.4240 (0.5737)  time: 0.5457  data: 0.0002  max mem: 82910
[TRAIN] Epoch [0]  [  290/17657]  eta: 7:45:33  loss: 1.2524 (2.0293)  grad_norm: 1.0000 (1.0000)  train_s1_loss: 0.4586 (0.6137)  train_s2_loss: 0.2933 (0.4453)  train_elevation_loss: 0.0790 (0.1940)  train_weather_loss: 0.0182 (0.2084)  train_soil_loss: 0.4042 (0.5679)  time: 2.7956  data: 2.2449  max mem: 82910
[Epoch 0 | Step 300] Grad norm: 1.00 | AMP scale: 256.0
[TRAIN] Epoch [0]  [  300/17657]  eta: 7:35:03  loss: 1.2473 (2.0043)  grad_norm: 1.0000 (1.0000)  train_s1_loss: 0.4586 (0.6085)  train_s2_loss: 0.3007 (0.4406)  train_elevation_loss: 0.0721 (0.1900)  train_weather_loss: 0.0177 (0.2021)  train_soil_loss: 0.4014 (0.5630)  time: 2.7951  data: 2.2449  max mem: 82910
[TRAIN] Epoch [0]  [  310/17657]  eta: 7:25:14  loss: 1.2348 (1.9788)  grad_norm: 1.0000 (1.0000)  train_s1_loss: 0.4451 (0.6029)  train_s2_loss: 0.2933 (0.4357)  train_elevation_loss: 0.0747 (0.1863)  train_weather_loss: 0.0185 (0.1963)  train_soil_loss: 0.3986 (0.5576)  time: 0.5448  data: 0.0002  max mem: 82910
[TRAIN] Epoch [0]  [  320/17657]  eta: 7:16:02  loss: 1.2409 (1.9564)  grad_norm: 1.0000 (1.0000)  train_s1_loss: 0.4364 (0.5981)  train_s2_loss: 0.2913 (0.4312)  train_elevation_loss: 0.0803 (0.1833)  train_weather_loss: 0.0186 (0.1907)  train_soil_loss: 0.3986 (0.5531)  time: 0.5456  data: 0.0002  max mem: 82910
[TRAIN] Epoch [0]  [  330/17657]  eta: 7:07:21  loss: 1.2501 (1.9347)  grad_norm: 1.0000 (1.0000)  train_s1_loss: 0.4401 (0.5934)  train_s2_loss: 0.2946 (0.4271)  train_elevation_loss: 0.0832 (0.1802)  train_weather_loss: 0.0186 (0.1856)  train_soil_loss: 0.3974 (0.5485)  time: 0.5451  data: 0.0002  max mem: 82910
[TRAIN] Epoch [0]  [  340/17657]  eta: 6:59:12  loss: 1.2133 (1.9138)  grad_norm: 1.0000 (1.0000)  train_s1_loss: 0.4401 (0.5889)  train_s2_loss: 0.2936 (0.4231)  train_elevation_loss: 0.0763 (0.1773)  train_weather_loss: 0.0186 (0.1807)  train_soil_loss: 0.3947 (0.5438)  time: 0.5440  data: 0.0002  max mem: 82910
[Epoch 0 | Step 350] Grad norm: 1.00 | AMP scale: 256.0
[TRAIN] Epoch [0]  [  350/17657]  eta: 6:51:30  loss: 1.2122 (1.8945)  grad_norm: 1.0000 (1.0000)  train_s1_loss: 0.4433 (0.5850)  train_s2_loss: 0.2863 (0.4193)  train_elevation_loss: 0.0782 (0.1745)  train_weather_loss: 0.0172 (0.1761)  train_soil_loss: 0.3920 (0.5396)  time: 0.5454  data: 0.0002  max mem: 82910
[TRAIN] Epoch [0]  [  360/17657]  eta: 7:21:11  loss: 1.2106 (1.8750)  grad_norm: 1.0000 (1.0000)  train_s1_loss: 0.4401 (0.5809)  train_s2_loss: 0.2894 (0.4158)  train_elevation_loss: 0.0764 (0.1716)  train_weather_loss: 0.0151 (0.1716)  train_soil_loss: 0.3861 (0.5352)  time: 2.8595  data: 2.3131  max mem: 82910
[TRAIN] Epoch [0]  [  370/17657]  eta: 7:13:19  loss: 1.1798 (1.8565)  grad_norm: 1.0000 (1.0000)  train_s1_loss: 0.4345 (0.5767)  train_s2_loss: 0.2798 (0.4120)  train_elevation_loss: 0.0687 (0.1689)  train_weather_loss: 0.0158 (0.1674)  train_soil_loss: 0.3866 (0.5315)  time: 2.8620  data: 2.3131  max mem: 82910
[TRAIN] Epoch [0]  [  380/17657]  eta: 7:05:50  loss: 1.2000 (1.8396)  grad_norm: 1.0000 (1.0000)  train_s1_loss: 0.4345 (0.5730)  train_s2_loss: 0.2745 (0.4086)  train_elevation_loss: 0.0695 (0.1664)  train_weather_loss: 0.0158 (0.1634)  train_soil_loss: 0.3933 (0.5282)  time: 0.5484  data: 0.0002  max mem: 82910
[TRAIN] Epoch [0]  [  390/17657]  eta: 6:58:43  loss: 1.2076 (1.8230)  grad_norm: 1.0000 (1.0000)  train_s1_loss: 0.4298 (0.5694)  train_s2_loss: 0.2780 (0.4053)  train_elevation_loss: 0.0734 (0.1642)  train_weather_loss: 0.0146 (0.1597)  train_soil_loss: 0.3870 (0.5245)  time: 0.5456  data: 0.0002  max mem: 82910
[Epoch 0 | Step 400] Grad norm: 1.00 | AMP scale: 256.0
[TRAIN] Epoch [0]  [  400/17657]  eta: 6:51:57  loss: 1.1856 (1.8072)  grad_norm: 1.0000 (1.0000)  train_s1_loss: 0.4295 (0.5659)  train_s2_loss: 0.2791 (0.4021)  train_elevation_loss: 0.0746 (0.1620)  train_weather_loss: 0.0146 (0.1561)  train_soil_loss: 0.3883 (0.5212)  time: 0.5461  data: 0.0002  max mem: 82910
[TRAIN] Epoch [0]  [  410/17657]  eta: 6:45:31  loss: 1.1593 (1.7916)  grad_norm: 1.0000 (1.0000)  train_s1_loss: 0.4213 (0.5624)  train_s2_loss: 0.2804 (0.3991)  train_elevation_loss: 0.0746 (0.1599)  train_weather_loss: 0.0135 (0.1526)  train_soil_loss: 0.3831 (0.5176)  time: 0.5464  data: 0.0002  max mem: 82910
[TRAIN] Epoch [0]  [  420/17657]  eta: 6:39:24  loss: 1.1926 (1.7778)  grad_norm: 1.0000 (1.0000)  train_s1_loss: 0.4262 (0.5595)  train_s2_loss: 0.2836 (0.3965)  train_elevation_loss: 0.0703 (0.1578)  train_weather_loss: 0.0124 (0.1493)  train_soil_loss: 0.3804 (0.5148)  time: 0.5468  data: 0.0002  max mem: 82910
[TRAIN] Epoch [0]  [  430/17657]  eta: 6:33:32  loss: 1.1993 (1.7635)  grad_norm: 1.0000 (1.0000)  train_s1_loss: 0.4242 (0.5563)  train_s2_loss: 0.2846 (0.3937)  train_elevation_loss: 0.0669 (0.1558)  train_weather_loss: 0.0109 (0.1461)  train_soil_loss: 0.3804 (0.5117)  time: 0.5466  data: 0.0002  max mem: 82910
[TRAIN] Epoch [0]  [  440/17657]  eta: 6:59:54  loss: 1.1735 (1.7510)  grad_norm: 1.0000 (1.0000)  train_s1_loss: 0.4319 (0.5537)  train_s2_loss: 0.2787 (0.3912)  train_elevation_loss: 0.0704 (0.1539)  train_weather_loss: 0.0108 (0.1430)  train_soil_loss: 0.3747 (0.5092)  time: 3.0013  data: 2.4553  max mem: 82910
[Epoch 0 | Step 450] Grad norm: 1.00 | AMP scale: 256.0
[TRAIN] Epoch [0]  [  450/17657]  eta: 6:53:49  loss: 1.1735 (1.7381)  grad_norm: 1.0000 (1.0000)  train_s1_loss: 0.4330 (0.5509)  train_s2_loss: 0.2845 (0.3889)  train_elevation_loss: 0.0761 (0.1521)  train_weather_loss: 0.0107 (0.1401)  train_soil_loss: 0.3747 (0.5061)  time: 3.0014  data: 2.4553  max mem: 82910
[TRAIN] Epoch [0]  [  460/17657]  eta: 6:47:59  loss: 1.1547 (1.7254)  grad_norm: 1.0000 (1.0000)  train_s1_loss: 0.4261 (0.5481)  train_s2_loss: 0.2802 (0.3865)  train_elevation_loss: 0.0714 (0.1504)  train_weather_loss: 0.0094 (0.1373)  train_soil_loss: 0.3677 (0.5030)  time: 0.5451  data: 0.0002  max mem: 82910
[TRAIN] Epoch [0]  [  470/17657]  eta: 6:42:24  loss: 1.1509 (1.7136)  grad_norm: 1.0000 (1.0000)  train_s1_loss: 0.4260 (0.5456)  train_s2_loss: 0.2794 (0.3845)  train_elevation_loss: 0.0675 (0.1486)  train_weather_loss: 0.0083 (0.1345)  train_soil_loss: 0.3667 (0.5004)  time: 0.5438  data: 0.0002  max mem: 82910
[TRAIN] Epoch [0]  [  480/17657]  eta: 6:37:03  loss: 1.1536 (1.7021)  grad_norm: 1.0000 (1.0000)  train_s1_loss: 0.4260 (0.5432)  train_s2_loss: 0.2841 (0.3826)  train_elevation_loss: 0.0599 (0.1466)  train_weather_loss: 0.0078 (0.1319)  train_soil_loss: 0.3688 (0.4978)  time: 0.5444  data: 0.0002  max mem: 82910
[TRAIN] Epoch [0]  [  490/17657]  eta: 6:31:55  loss: 1.1320 (1.6907)  grad_norm: 1.0000 (1.0000)  train_s1_loss: 0.4246 (0.5408)  train_s2_loss: 0.2767 (0.3803)  train_elevation_loss: 0.0531 (0.1449)  train_weather_loss: 0.0087 (0.1295)  train_soil_loss: 0.3640 (0.4952)  time: 0.5456  data: 0.0002  max mem: 82910
[Epoch 0 | Step 500] Grad norm: 1.00 | AMP scale: 256.0
[TRAIN] Epoch [0]  [  500/17657]  eta: 6:27:00  loss: 1.1310 (1.6801)  grad_norm: 1.0000 (1.0000)  train_s1_loss: 0.4283 (0.5389)  train_s2_loss: 0.2767 (0.3784)  train_elevation_loss: 0.0570 (0.1431)  train_weather_loss: 0.0085 (0.1271)  train_soil_loss: 0.3609 (0.4926)  time: 0.5464  data: 0.0002  max mem: 82910
[TRAIN] Epoch [0]  [  510/17657]  eta: 6:49:15  loss: 1.1454 (1.6695)  grad_norm: 1.0000 (1.0000)  train_s1_loss: 0.4299 (0.5367)  train_s2_loss: 0.2824 (0.3765)  train_elevation_loss: 0.0540 (0.1413)  train_weather_loss: 0.0087 (0.1248)  train_soil_loss: 0.3629 (0.4902)  time: 2.9609  data: 2.4139  max mem: 82910
[TRAIN] Epoch [0]  [  520/17657]  eta: 6:44:09  loss: 1.1429 (1.6590)  grad_norm: 1.0000 (1.0000)  train_s1_loss: 0.4365 (0.5348)  train_s2_loss: 0.2663 (0.3743)  train_elevation_loss: 0.0499 (0.1396)  train_weather_loss: 0.0093 (0.1225)  train_soil_loss: 0.3629 (0.4878)  time: 2.9598  data: 2.4139  max mem: 82910
[TRAIN] Epoch [0]  [  530/17657]  eta: 6:39:15  loss: 1.1161 (1.6488)  grad_norm: 1.0000 (1.0000)  train_s1_loss: 0.4287 (0.5328)  train_s2_loss: 0.2651 (0.3723)  train_elevation_loss: 0.0494 (0.1379)  train_weather_loss: 0.0078 (0.1204)  train_soil_loss: 0.3588 (0.4855)  time: 0.5457  data: 0.0002  max mem: 82910
[TRAIN] Epoch [0]  [  540/17657]  eta: 6:34:31  loss: 1.1087 (1.6394)  grad_norm: 1.0000 (1.0000)  train_s1_loss: 0.4229 (0.5309)  train_s2_loss: 0.2770 (0.3707)  train_elevation_loss: 0.0446 (0.1362)  train_weather_loss: 0.0068 (0.1183)  train_soil_loss: 0.3724 (0.4834)  time: 0.5455  data: 0.0002  max mem: 82910
[Epoch 0 | Step 550] Grad norm: 1.00 | AMP scale: 256.0
[TRAIN] Epoch [0]  [  550/17657]  eta: 6:29:57  loss: 1.1096 (1.6300)  grad_norm: 1.0000 (1.0000)  train_s1_loss: 0.4229 (0.5289)  train_s2_loss: 0.2784 (0.3690)  train_elevation_loss: 0.0423 (0.1345)  train_weather_loss: 0.0066 (0.1162)  train_soil_loss: 0.3731 (0.4814)  time: 0.5450  data: 0.0002  max mem: 82910
[TRAIN] Epoch [0]  [  560/17657]  eta: 6:25:32  loss: 1.1222 (1.6213)  grad_norm: 1.0000 (1.0000)  train_s1_loss: 0.4296 (0.5271)  train_s2_loss: 0.2762 (0.3675)  train_elevation_loss: 0.0348 (0.1327)  train_weather_loss: 0.0065 (0.1143)  train_soil_loss: 0.3761 (0.4797)  time: 0.5451  data: 0.0002  max mem: 82910
[TRAIN] Epoch [0]  [  570/17657]  eta: 6:21:16  loss: 1.1222 (1.6125)  grad_norm: 1.0000 (1.0000)  train_s1_loss: 0.4296 (0.5252)  train_s2_loss: 0.2762 (0.3659)  train_elevation_loss: 0.0369 (0.1311)  train_weather_loss: 0.0060 (0.1124)  train_soil_loss: 0.3795 (0.4779)  time: 0.5434  data: 0.0002  max mem: 82910
[TRAIN] Epoch [0]  [  580/17657]  eta: 6:40:08  loss: 1.1094 (1.6038)  grad_norm: 1.0000 (1.0000)  train_s1_loss: 0.4183 (0.5233)  train_s2_loss: 0.2760 (0.3644)  train_elevation_loss: 0.0378 (0.1295)  train_weather_loss: 0.0051 (0.1106)  train_soil_loss: 0.3760 (0.4761)  time: 2.8886  data: 2.3438  max mem: 82910
[TRAIN] Epoch [0]  [  590/17657]  eta: 6:35:46  loss: 1.1089 (1.5953)  grad_norm: 1.0000 (1.0000)  train_s1_loss: 0.4143 (0.5214)  train_s2_loss: 0.2848 (0.3630)  train_elevation_loss: 0.0333 (0.1278)  train_weather_loss: 0.0051 (0.1088)  train_soil_loss: 0.3725 (0.4742)  time: 2.8906  data: 2.3438  max mem: 82910
[Epoch 0 | Step 600] Grad norm: 1.00 | AMP scale: 256.0
[TRAIN] Epoch [0]  [  600/17657]  eta: 6:31:31  loss: 1.0957 (1.5866)  grad_norm: 1.0000 (1.0000)  train_s1_loss: 0.4019 (0.5194)  train_s2_loss: 0.2848 (0.3616)  train_elevation_loss: 0.0330 (0.1263)  train_weather_loss: 0.0056 (0.1071)  train_soil_loss: 0.3618 (0.4722)  time: 0.5455  data: 0.0002  max mem: 82910
[TRAIN] Epoch [0]  [  610/17657]  eta: 6:27:25  loss: 1.0879 (1.5785)  grad_norm: 1.0000 (1.0000)  train_s1_loss: 0.4051 (0.5176)  train_s2_loss: 0.2771 (0.3603)  train_elevation_loss: 0.0342 (0.1248)  train_weather_loss: 0.0056 (0.1055)  train_soil_loss: 0.3566 (0.4703)  time: 0.5445  data: 0.0002  max mem: 82910
[TRAIN] Epoch [0]  [  620/17657]  eta: 6:23:27  loss: 1.1042 (1.5706)  grad_norm: 1.0000 (1.0000)  train_s1_loss: 0.4059 (0.5158)  train_s2_loss: 0.2781 (0.3590)  train_elevation_loss: 0.0371 (0.1234)  train_weather_loss: 0.0055 (0.1038)  train_soil_loss: 0.3608 (0.4686)  time: 0.5444  data: 0.0002  max mem: 82910
[TRAIN] Epoch [0]  [  630/17657]  eta: 6:19:36  loss: 1.0970 (1.5630)  grad_norm: 1.0000 (1.0000)  train_s1_loss: 0.3852 (0.5138)  train_s2_loss: 0.2781 (0.3577)  train_elevation_loss: 0.0371 (0.1221)  train_weather_loss: 0.0052 (0.1023)  train_soil_loss: 0.3712 (0.4671)  time: 0.5442  data: 0.0002  max mem: 82910
[TRAIN] Epoch [0]  [  640/17657]  eta: 6:15:52  loss: 1.0706 (1.5555)  grad_norm: 1.0000 (1.0000)  train_s1_loss: 0.3930 (0.5121)  train_s2_loss: 0.2840 (0.3566)  train_elevation_loss: 0.0342 (0.1207)  train_weather_loss: 0.0064 (0.1008)  train_soil_loss: 0.3655 (0.4653)  time: 0.5449  data: 0.0002  max mem: 82910
[Epoch 0 | Step 650] Grad norm: 1.00 | AMP scale: 256.0
[TRAIN] Epoch [0]  [  650/17657]  eta: 6:33:01  loss: 1.0602 (1.5481)  grad_norm: 1.0000 (1.0000)  train_s1_loss: 0.4034 (0.5104)  train_s2_loss: 0.2735 (0.3553)  train_elevation_loss: 0.0297 (0.1193)  train_weather_loss: 0.0068 (0.0994)  train_soil_loss: 0.3446 (0.4637)  time: 2.9301  data: 2.3791  max mem: 82910
[TRAIN] Epoch [0]  [  660/17657]  eta: 6:29:12  loss: 1.0583 (1.5408)  grad_norm: 1.0000 (0.9999)  train_s1_loss: 0.4033 (0.5087)  train_s2_loss: 0.2730 (0.3541)  train_elevation_loss: 0.0297 (0.1180)  train_weather_loss: 0.0063 (0.0979)  train_soil_loss: 0.3461 (0.4621)  time: 2.9326  data: 2.3791  max mem: 82910
[TRAIN] Epoch [0]  [  670/17657]  eta: 6:25:29  loss: 1.0607 (1.5339)  grad_norm: 1.0000 (0.9997)  train_s1_loss: 0.3922 (0.5070)  train_s2_loss: 0.2775 (0.3529)  train_elevation_loss: 0.0295 (0.1167)  train_weather_loss: 0.0059 (0.0966)  train_soil_loss: 0.3690 (0.4608)  time: 0.5473  data: 0.0002  max mem: 82910
[TRAIN] Epoch [0]  [  680/17657]  eta: 6:21:51  loss: 1.0607 (1.5270)  grad_norm: 1.0000 (0.9998)  train_s1_loss: 0.3922 (0.5054)  train_s2_loss: 0.2776 (0.3517)  train_elevation_loss: 0.0289 (0.1154)  train_weather_loss: 0.0047 (0.0952)  train_soil_loss: 0.3677 (0.4592)  time: 0.5439  data: 0.0002  max mem: 82910
[TRAIN] Epoch [0]  [  690/17657]  eta: 6:18:20  loss: 1.0587 (1.5204)  grad_norm: 1.0000 (0.9998)  train_s1_loss: 0.3952 (0.5037)  train_s2_loss: 0.2783 (0.3507)  train_elevation_loss: 0.0370 (0.1143)  train_weather_loss: 0.0044 (0.0939)  train_soil_loss: 0.3534 (0.4577)  time: 0.5439  data: 0.0002  max mem: 82910
[Epoch 0 | Step 700] Grad norm: 1.00 | AMP scale: 256.0
[TRAIN] Epoch [0]  [  700/17657]  eta: 6:14:55  loss: 1.0460 (1.5137)  grad_norm: 1.0000 (0.9998)  train_s1_loss: 0.3859 (0.5022)  train_s2_loss: 0.2718 (0.3495)  train_elevation_loss: 0.0372 (0.1132)  train_weather_loss: 0.0041 (0.0926)  train_soil_loss: 0.3450 (0.4561)  time: 0.5446  data: 0.0002  max mem: 82910
[TRAIN] Epoch [0]  [  710/17657]  eta: 6:11:35  loss: 1.0460 (1.5073)  grad_norm: 1.0000 (0.9998)  train_s1_loss: 0.3892 (0.5007)  train_s2_loss: 0.2681 (0.3484)  train_elevation_loss: 0.0365 (0.1122)  train_weather_loss: 0.0041 (0.0914)  train_soil_loss: 0.3471 (0.4547)  time: 0.5445  data: 0.0002  max mem: 82910
[TRAIN] Epoch [0]  [  720/17657]  eta: 6:26:02  loss: 1.0454 (1.5010)  grad_norm: 1.0000 (0.9998)  train_s1_loss: 0.3912 (0.4992)  train_s2_loss: 0.2659 (0.3474)  train_elevation_loss: 0.0353 (0.1111)  train_weather_loss: 0.0061 (0.0903)  train_soil_loss: 0.3375 (0.4531)  time: 2.8034  data: 2.2572  max mem: 82910
[TRAIN] Epoch [0]  [  730/17657]  eta: 6:23:07  loss: 1.0415 (1.4947)  grad_norm: 1.0000 (0.9997)  train_s1_loss: 0.3895 (0.4978)  train_s2_loss: 0.2711 (0.3463)  train_elevation_loss: 0.0269 (0.1099)  train_weather_loss: 0.0070 (0.0891)  train_soil_loss: 0.3353 (0.4516)  time: 2.8666  data: 2.3103  max mem: 82910
[TRAIN] Epoch [0]  [  740/17657]  eta: 6:19:47  loss: 1.0501 (1.4888)  grad_norm: 1.0000 (0.9997)  train_s1_loss: 0.3981 (0.4965)  train_s2_loss: 0.2710 (0.3453)  train_elevation_loss: 0.0266 (0.1088)  train_weather_loss: 0.0068 (0.0880)  train_soil_loss: 0.3417 (0.4502)  time: 0.6075  data: 0.0533  max mem: 82910
[Epoch 0 | Step 750] Grad norm: 1.00 | AMP scale: 256.0
[TRAIN] Epoch [0]  [  750/17657]  eta: 6:16:33  loss: 1.0375 (1.4827)  grad_norm: 1.0000 (0.9997)  train_s1_loss: 0.3911 (0.4950)  train_s2_loss: 0.2648 (0.3443)  train_elevation_loss: 0.0259 (0.1077)  train_weather_loss: 0.0060 (0.0869)  train_soil_loss: 0.3411 (0.4489)  time: 0.5449  data: 0.0002  max mem: 82910
[TRAIN] Epoch [0]  [  760/17657]  eta: 6:13:24  loss: 1.0310 (1.4772)  grad_norm: 1.0000 (0.9997)  train_s1_loss: 0.3884 (0.4938)  train_s2_loss: 0.2676 (0.3433)  train_elevation_loss: 0.0259 (0.1067)  train_weather_loss: 0.0050 (0.0858)  train_soil_loss: 0.3411 (0.4476)  time: 0.5442  data: 0.0002  max mem: 82910
[TRAIN] Epoch [0]  [  770/17657]  eta: 6:10:20  loss: 1.0504 (1.4719)  grad_norm: 1.0000 (0.9996)  train_s1_loss: 0.3988 (0.4926)  train_s2_loss: 0.2753 (0.3425)  train_elevation_loss: 0.0289 (0.1057)  train_weather_loss: 0.0046 (0.0848)  train_soil_loss: 0.3510 (0.4464)  time: 0.5445  data: 0.0002  max mem: 82910
[TRAIN] Epoch [0]  [  780/17657]  eta: 6:07:20  loss: 1.0347 (1.4661)  grad_norm: 1.0000 (0.9996)  train_s1_loss: 0.3917 (0.4913)  train_s2_loss: 0.2583 (0.3414)  train_elevation_loss: 0.0262 (0.1047)  train_weather_loss: 0.0053 (0.0838)  train_soil_loss: 0.3452 (0.4450)  time: 0.5445  data: 0.0002  max mem: 82910
[TRAIN] Epoch [0]  [  790/17657]  eta: 6:04:24  loss: 1.0080 (1.4602)  grad_norm: 1.0000 (0.9996)  train_s1_loss: 0.3729 (0.4897)  train_s2_loss: 0.2524 (0.3403)  train_elevation_loss: 0.0259 (0.1037)  train_weather_loss: 0.0051 (0.0828)  train_soil_loss: 0.3425 (0.4437)  time: 0.5435  data: 0.0002  max mem: 82910
[Epoch 0 | Step 800] Grad norm: 1.00 | AMP scale: 256.0
[TRAIN] Epoch [0]  [  800/17657]  eta: 6:18:41  loss: 0.9906 (1.4545)  grad_norm: 1.0000 (0.9995)  train_s1_loss: 0.3703 (0.4883)  train_s2_loss: 0.2535 (0.3392)  train_elevation_loss: 0.0281 (0.1028)  train_weather_loss: 0.0044 (0.0818)  train_soil_loss: 0.3316 (0.4424)  time: 2.9863  data: 2.4215  max mem: 82910
[TRAIN] Epoch [0]  [  810/17657]  eta: 6:15:41  loss: 1.0105 (1.4494)  grad_norm: 1.0000 (0.9995)  train_s1_loss: 0.3771 (0.4870)  train_s2_loss: 0.2584 (0.3383)  train_elevation_loss: 0.0284 (0.1019)  train_weather_loss: 0.0048 (0.0809)  train_soil_loss: 0.3400 (0.4413)  time: 2.9867  data: 2.4215  max mem: 82910
[TRAIN] Epoch [0]  [  820/17657]  eta: 6:12:44  loss: 1.0303 (1.4442)  grad_norm: 1.0000 (0.9996)  train_s1_loss: 0.3893 (0.4859)  train_s2_loss: 0.2584 (0.3372)  train_elevation_loss: 0.0308 (0.1011)  train_weather_loss: 0.0041 (0.0799)  train_soil_loss: 0.3484 (0.4401)  time: 0.5442  data: 0.0002  max mem: 82910
[TRAIN] Epoch [0]  [  830/17657]  eta: 6:09:52  loss: 0.9918 (1.4389)  grad_norm: 1.0000 (0.9996)  train_s1_loss: 0.3893 (0.4846)  train_s2_loss: 0.2580 (0.3363)  train_elevation_loss: 0.0280 (0.1002)  train_weather_loss: 0.0039 (0.0790)  train_soil_loss: 0.3340 (0.4388)  time: 0.5443  data: 0.0002  max mem: 82910
[TRAIN] Epoch [0]  [  840/17657]  eta: 6:07:05  loss: 1.0018 (1.4336)  grad_norm: 1.0000 (0.9996)  train_s1_loss: 0.3760 (0.4833)  train_s2_loss: 0.2485 (0.3353)  train_elevation_loss: 0.0254 (0.0993)  train_weather_loss: 0.0040 (0.0781)  train_soil_loss: 0.3322 (0.4376)  time: 0.5455  data: 0.0002  max mem: 82910
[Epoch 0 | Step 850] Grad norm: 1.00 | AMP scale: 256.0
[TRAIN] Epoch [0]  [  850/17657]  eta: 6:04:20  loss: 0.9930 (1.4282)  grad_norm: 1.0000 (0.9996)  train_s1_loss: 0.3585 (0.4819)  train_s2_loss: 0.2439 (0.3342)  train_elevation_loss: 0.0248 (0.0985)  train_weather_loss: 0.0040 (0.0773)  train_soil_loss: 0.3378 (0.4364)  time: 0.5450  data: 0.0002  max mem: 82910
[TRAIN] Epoch [0]  [  860/17657]  eta: 6:01:39  loss: 0.9709 (1.4230)  grad_norm: 1.0000 (0.9996)  train_s1_loss: 0.3568 (0.4804)  train_s2_loss: 0.2409 (0.3331)  train_elevation_loss: 0.0263 (0.0977)  train_weather_loss: 0.0038 (0.0764)  train_soil_loss: 0.3428 (0.4353)  time: 0.5433  data: 0.0002  max mem: 82910
[TRAIN] Epoch [0]  [  870/17657]  eta: 6:14:59  loss: 0.9796 (1.4181)  grad_norm: 1.0000 (0.9994)  train_s1_loss: 0.3571 (0.4793)  train_s2_loss: 0.2377 (0.3321)  train_elevation_loss: 0.0274 (0.0969)  train_weather_loss: 0.0049 (0.0756)  train_soil_loss: 0.3458 (0.4342)  time: 3.0239  data: 2.4706  max mem: 82910
[TRAIN] Epoch [0]  [  880/17657]  eta: 6:12:13  loss: 0.9953 (1.4131)  grad_norm: 1.0000 (0.9994)  train_s1_loss: 0.3724 (0.4780)  train_s2_loss: 0.2406 (0.3311)  train_elevation_loss: 0.0270 (0.0961)  train_weather_loss: 0.0050 (0.0748)  train_soil_loss: 0.3320 (0.4331)  time: 3.0244  data: 2.4706  max mem: 82910
[TRAIN] Epoch [0]  [  890/17657]  eta: 6:09:32  loss: 0.9500 (1.4078)  grad_norm: 1.0000 (0.9992)  train_s1_loss: 0.3555 (0.4765)  train_s2_loss: 0.2335 (0.3300)  train_elevation_loss: 0.0270 (0.0953)  train_weather_loss: 0.0037 (0.0740)  train_soil_loss: 0.3165 (0.4319)  time: 0.5444  data: 0.0002  max mem: 82910
[Epoch 0 | Step 900] Grad norm: 1.00 | AMP scale: 256.0
[TRAIN] Epoch [0]  [  900/17657]  eta: 6:06:54  loss: 0.9343 (1.4029)  grad_norm: 1.0000 (0.9991)  train_s1_loss: 0.3521 (0.4753)  train_s2_loss: 0.2368 (0.3290)  train_elevation_loss: 0.0255 (0.0946)  train_weather_loss: 0.0037 (0.0732)  train_soil_loss: 0.3151 (0.4307)  time: 0.5446  data: 0.0002  max mem: 82910
[TRAIN] Epoch [0]  [  910/17657]  eta: 6:04:20  loss: 0.9601 (1.3984)  grad_norm: 1.0000 (0.9988)  train_s1_loss: 0.3726 (0.4743)  train_s2_loss: 0.2423 (0.3281)  train_elevation_loss: 0.0256 (0.0939)  train_weather_loss: 0.0039 (0.0725)  train_soil_loss: 0.3218 (0.4296)  time: 0.5441  data: 0.0002  max mem: 82910
[TRAIN] Epoch [0]  [  920/17657]  eta: 6:01:48  loss: 0.9547 (1.3938)  grad_norm: 1.0000 (0.9982)  train_s1_loss: 0.3699 (0.4731)  train_s2_loss: 0.2423 (0.3272)  train_elevation_loss: 0.0260 (0.0932)  train_weather_loss: 0.0038 (0.0717)  train_soil_loss: 0.3227 (0.4286)  time: 0.5440  data: 0.0002  max mem: 82910
[TRAIN] Epoch [0]  [  930/17657]  eta: 5:59:20  loss: 0.9673 (1.3893)  grad_norm: 1.0000 (0.9981)  train_s1_loss: 0.3644 (0.4720)  train_s2_loss: 0.2400 (0.3263)  train_elevation_loss: 0.0260 (0.0924)  train_weather_loss: 0.0038 (0.0710)  train_soil_loss: 0.3342 (0.4276)  time: 0.5446  data: 0.0002  max mem: 82910
[TRAIN] Epoch [0]  [  940/17657]  eta: 6:11:49  loss: 0.9673 (1.3849)  grad_norm: 1.0000 (0.9979)  train_s1_loss: 0.3627 (0.4709)  train_s2_loss: 0.2419 (0.3254)  train_elevation_loss: 0.0268 (0.0917)  train_weather_loss: 0.0038 (0.0703)  train_soil_loss: 0.3342 (0.4265)  time: 3.0615  data: 2.5094  max mem: 82910
[Epoch 0 | Step 950] Grad norm: 1.00 | AMP scale: 256.0
[TRAIN] Epoch [0]  [  950/17657]  eta: 6:09:17  loss: 0.9393 (1.3803)  grad_norm: 1.0000 (0.9979)  train_s1_loss: 0.3627 (0.4697)  train_s2_loss: 0.2355 (0.3245)  train_elevation_loss: 0.0233 (0.0910)  train_weather_loss: 0.0047 (0.0696)  train_soil_loss: 0.3252 (0.4254)  time: 3.0615  data: 2.5094  max mem: 82910
[TRAIN] Epoch [0]  [  960/17657]  eta: 6:06:49  loss: 0.9493 (1.3759)  grad_norm: 1.0000 (0.9979)  train_s1_loss: 0.3651 (0.4687)  train_s2_loss: 0.2327 (0.3235)  train_elevation_loss: 0.0224 (0.0903)  train_weather_loss: 0.0048 (0.0690)  train_soil_loss: 0.3227 (0.4243)  time: 0.5463  data: 0.0002  max mem: 82910
[TRAIN] Epoch [0]  [  970/17657]  eta: 6:04:22  loss: 0.9304 (1.3714)  grad_norm: 1.0000 (0.9972)  train_s1_loss: 0.3670 (0.4676)  train_s2_loss: 0.2390 (0.3227)  train_elevation_loss: 0.0223 (0.0896)  train_weather_loss: 0.0043 (0.0683)  train_soil_loss: 0.3088 (0.4232)  time: 0.5461  data: 0.0002  max mem: 82910
[TRAIN] Epoch [0]  [  980/17657]  eta: 6:01:59  loss: 0.9469 (1.3672)  grad_norm: 0.9985 (0.9969)  train_s1_loss: 0.3575 (0.4665)  train_s2_loss: 0.2389 (0.3218)  train_elevation_loss: 0.0260 (0.0890)  train_weather_loss: 0.0037 (0.0677)  train_soil_loss: 0.3167 (0.4222)  time: 0.5442  data: 0.0002  max mem: 82910
[TRAIN] Epoch [0]  [  990/17657]  eta: 5:59:39  loss: 0.9588 (1.3630)  grad_norm: 1.0000 (0.9965)  train_s1_loss: 0.3613 (0.4656)  train_s2_loss: 0.2320 (0.3209)  train_elevation_loss: 0.0227 (0.0883)  train_weather_loss: 0.0037 (0.0670)  train_soil_loss: 0.3235 (0.4212)  time: 0.5441  data: 0.0002  max mem: 82910
[Epoch 0 | Step 1000] Grad norm: 1.00 | AMP scale: 256.0
[TRAIN] Epoch [0]  [ 1000/17657]  eta: 5:57:21  loss: 0.9644 (1.3591)  grad_norm: 1.0000 (0.9961)  train_s1_loss: 0.3649 (0.4646)  train_s2_loss: 0.2292 (0.3200)  train_elevation_loss: 0.0219 (0.0877)  train_weather_loss: 0.0038 (0.0664)  train_soil_loss: 0.3235 (0.4203)  time: 0.5443  data: 0.0002  max mem: 82910
[TRAIN] Epoch [0]  [ 1010/17657]  eta: 6:10:14  loss: 0.9327 (1.3549)  grad_norm: 0.9124 (0.9947)  train_s1_loss: 0.3604 (0.4636)  train_s2_loss: 0.2290 (0.3191)  train_elevation_loss: 0.0231 (0.0871)  train_weather_loss: 0.0038 (0.0658)  train_soil_loss: 0.3369 (0.4194)  time: 3.3029  data: 2.7469  max mem: 82910
[TRAIN] Epoch [0]  [ 1020/17657]  eta: 6:07:52  loss: 0.9480 (1.3511)  grad_norm: 1.0000 (0.9948)  train_s1_loss: 0.3559 (0.4626)  train_s2_loss: 0.2327 (0.3182)  train_elevation_loss: 0.0229 (0.0865)  train_weather_loss: 0.0039 (0.0652)  train_soil_loss: 0.3193 (0.4185)  time: 3.3032  data: 2.7468  max mem: 82910
[TRAIN] Epoch [0]  [ 1030/17657]  eta: 6:05:33  loss: 0.9382 (1.3470)  grad_norm: 1.0000 (0.9948)  train_s1_loss: 0.3540 (0.4616)  train_s2_loss: 0.2291 (0.3173)  train_elevation_loss: 0.0277 (0.0860)  train_weather_loss: 0.0037 (0.0646)  train_soil_loss: 0.3186 (0.4175)  time: 0.5447  data: 0.0002  max mem: 82910
[TRAIN] Epoch [0]  [ 1040/17657]  eta: 6:03:16  loss: 0.9291 (1.3433)  grad_norm: 1.0000 (0.9949)  train_s1_loss: 0.3526 (0.4607)  train_s2_loss: 0.2268 (0.3165)  train_elevation_loss: 0.0309 (0.0855)  train_weather_loss: 0.0034 (0.0640)  train_soil_loss: 0.3209 (0.4166)  time: 0.5452  data: 0.0002  max mem: 82910
[Epoch 0 | Step 1050] Grad norm: 0.97 | AMP scale: 256.0
[TRAIN] Epoch [0]  [ 1050/17657]  eta: 6:01:02  loss: 0.9534 (1.3394)  grad_norm: 1.0000 (0.9949)  train_s1_loss: 0.3649 (0.4597)  train_s2_loss: 0.2300 (0.3157)  train_elevation_loss: 0.0275 (0.0849)  train_weather_loss: 0.0035 (0.0634)  train_soil_loss: 0.3218 (0.4157)  time: 0.5454  data: 0.0002  max mem: 82910
[TRAIN] Epoch [0]  [ 1060/17657]  eta: 5:58:50  loss: 0.9441 (1.3357)  grad_norm: 1.0000 (0.9944)  train_s1_loss: 0.3612 (0.4589)  train_s2_loss: 0.2289 (0.3149)  train_elevation_loss: 0.0243 (0.0843)  train_weather_loss: 0.0034 (0.0629)  train_soil_loss: 0.3100 (0.4147)  time: 0.5453  data: 0.0002  max mem: 82910
[TRAIN] Epoch [0]  [ 1070/17657]  eta: 5:56:41  loss: 0.9441 (1.3320)  grad_norm: 1.0000 (0.9944)  train_s1_loss: 0.3769 (0.4581)  train_s2_loss: 0.2205 (0.3140)  train_elevation_loss: 0.0247 (0.0838)  train_weather_loss: 0.0034 (0.0623)  train_soil_loss: 0.3100 (0.4138)  time: 0.5462  data: 0.0002  max mem: 82910
