/work/mech-ai-scratch/bgekim/miniconda3-arm/envs/multimae_env_arm/lib/python3.10/site-packages/torch/functional.py:505: UserWarning: torch.meshgrid: in an upcoming release, it will be required to pass the indexing argument. (Triggered internally at /pytorch/aten/src/ATen/native/TensorShape.cpp:4381.)
  return _VF.meshgrid(tensors, **kwargs)  # type: ignore[attr-defined]
/work/mech-ai-scratch/bgekim/project/imputation/MultiMAE_NEW/MultiMAE/utils/native_scaler.py:21: FutureWarning: `torch.cuda.amp.GradScaler(args...)` is deprecated. Please use `torch.amp.GradScaler('cuda', args...)` instead.
  self._scaler = torch.cuda.amp.GradScaler(
wandb: [wandb.login()] Loaded credentials for https://api.wandb.ai from /home/bgekim/.netrc.
wandb: Currently logged in as: goeul8604 (goeulkim) to https://api.wandb.ai. Use `wandb login --relogin` to force relogin
wandb: setting up run pretrain-IA-IL-new
wandb: Tracking run with wandb version 0.25.1
wandb: Run data is saved locally in /work/mech-ai-scratch/bgekim/project/imputation/MultiMAE_NEW/MultiMAE/wandb/run-20260511_084612-pretrain-IA-IL-new
wandb: Run `wandb offline` to turn off syncing.
wandb: Resuming run pretrain-IA-IL-new
wandb: ⭐️ View project at https://wandb.ai/goeulkim/MultiMAE-Pretrain
wandb: 🚀 View run at https://wandb.ai/goeulkim/MultiMAE-Pretrain/runs/pretrain-IA-IL-new
/work/mech-ai-scratch/bgekim/project/imputation/MultiMAE_NEW/MultiMAE/refac_pretrain_engine.py:61: FutureWarning: `torch.cuda.amp.autocast(args...)` is deprecated. Please use `torch.amp.autocast('cuda', args...)` instead.
  with torch.cuda.amp.autocast():
/work/mech-ai-scratch/bgekim/project/imputation/MultiMAE_NEW/MultiMAE/multimae/multimae.py:386: FutureWarning: `torch.cuda.amp.autocast(args...)` is deprecated. Please use `torch.amp.autocast('cuda', args...)` instead.
  with torch.cuda.amp.autocast(enabled=False):
/work/mech-ai-scratch/bgekim/project/imputation/MultiMAE_NEW/MultiMAE/refac_pretrain_engine.py:204: FutureWarning: `torch.cuda.amp.autocast(args...)` is deprecated. Please use `torch.amp.autocast('cuda', args...)` instead.
  with torch.cuda.amp.autocast():
wandb: updating run metadata
wandb: uploading output.log; uploading wandb-summary.json; uploading config.yaml
wandb: uploading history steps 2212793-2212793, summary, console lines 12914-12934
wandb: 
wandb: Run history:
wandb:               epoch ▁▁▁▁▁▁▁▃▃▃▃▃▃▃▃▃▅▅▅▅▅▅▅▅▆▆▆▆▆▆▆▆████████
wandb:                step ▃▅▆▇▂▂▃▄▆▆▆▆▇▁▁▃▂▃▆▇▁▂▃▃▃▆▆▆▇▇█▁▂▁▁▃▄▅▅█
wandb:        test/avg_mse ▁
wandb:         test/avg_r2 ▁
wandb:       test/avg_rmse ▁
wandb:  test/elevation_mae ▁
wandb:  test/elevation_mse ▁
wandb:   test/elevation_r2 ▁
wandb: test/elevation_rmse ▁
wandb:       test/loss_avg ▁
wandb:                 +42 ...
wandb: 
wandb: Run summary:
wandb:               epoch 100
wandb:                step 3783
wandb:        test/avg_mse 0.03103
wandb:         test/avg_r2 0.96371
wandb:       test/avg_rmse 0.17615
wandb:  test/elevation_mae 0.01123
wandb:  test/elevation_mse 0.0004
wandb:   test/elevation_r2 0.99959
wandb: test/elevation_rmse 0.0201
wandb:       test/loss_avg 0.15514
wandb:                 +42 ...
wandb: 
wandb: 🚀 View run pretrain-IA-IL-new at: https://wandb.ai/goeulkim/MultiMAE-Pretrain/runs/pretrain-IA-IL-new
wandb: ⭐️ View project at: https://wandb.ai/goeulkim/MultiMAE-Pretrain
wandb: Synced 5 W&B file(s), 0 media file(s), 0 artifact file(s) and 0 other file(s)
wandb: Find logs at: ./wandb/run-20260511_084612-pretrain-IA-IL-new/logs
